INFO: mock.py version 6.7 starting (python version = 3.14.4, NVR = mock-6.7-1.fc44), args: /usr/libexec/mock/mock -r fedora-rawhide-x86_64 --no-clean --enable-network --rebuild lavinmq-2.6.1-1.fc44app.src.rpm
Start(bootstrap): init plugins
INFO: tmpfs initialized
INFO: selinux enabled
Finish(bootstrap): init plugins
Start: init plugins
INFO: tmpfs initialized
INFO: selinux enabled
Finish: init plugins
INFO: Signal handler active
Start: run
INFO: Start(lavinmq-2.6.1-1.fc44app.src.rpm)  Config(fedora-rawhide-x86_64)
Mock Version: 6.7
INFO: Mock Version: 6.7
Start(bootstrap): chroot init
INFO: mounting tmpfs at /var/lib/mock/fedora-rawhide-x86_64-bootstrap/root.
INFO: reusing tmpfs at /var/lib/mock/fedora-rawhide-x86_64-bootstrap/root.
INFO: calling preinit hooks
INFO: enabled root cache
INFO: enabled package manager cache
Start(bootstrap): cleaning package manager metadata
Finish(bootstrap): cleaning package manager metadata
INFO: Package manager dnf5 detected and used (fallback)
Finish(bootstrap): chroot init
Start: chroot init
INFO: mounting tmpfs at /var/lib/mock/fedora-rawhide-x86_64/root.
INFO: reusing tmpfs at /var/lib/mock/fedora-rawhide-x86_64/root.
INFO: calling preinit hooks
INFO: enabled root cache
INFO: enabled package manager cache
Start: cleaning package manager metadata
Finish: cleaning package manager metadata
INFO: enabled HW Info plugin
INFO: Package manager dnf5 detected and used (direct choice)
INFO: Buildroot is handled by package management downloaded with a bootstrap image:
  rpm-6.0.1-5.fc45.x86_64
  rpm-sequoia-1.10.2-1.fc45.x86_64
  dnf5-5.4.2.0-1.fc45.x86_64
  dnf5-plugins-5.4.2.0-1.fc45.x86_64
Finish: chroot init
Start: build phase for lavinmq-2.6.1-1.fc44app.src.rpm
Start: build setup for lavinmq-2.6.1-1.fc44app.src.rpm
Finish: build setup for lavinmq-2.6.1-1.fc44app.src.rpm
Start: rpmbuild lavinmq-2.6.1-1.fc44app.src.rpm
Start: Outputting list of installed packages
Finish: Outputting list of installed packages
